[09Feb2026 18:22:55.588] [main/INFO] [cpw.mods.modlauncher.Launcher/MODLAUNCHER]: ModLauncher running: args [--launchTarget, forgeclientuserdev, --version, 21.1.80, --assetIndex, asset-index, --assetsDir, C:\Users\Trevd\.gradle\caches\minecraft\assets, --gameDir, ., --fml.neoForgeVersion, 21.1.80, --fml.fmlVersion, 4.0.31, --fml.mcVersion, 1.21.1, --fml.neoFormVersion, 20240808.144430]
[09Feb2026 18:22:55.592] [main/INFO] [cpw.mods.modlauncher.Launcher/MODLAUNCHER]: JVM identified as Eclipse Adoptium OpenJDK 64-Bit Server VM 21.0.9+10-LTS
[09Feb2026 18:22:55.594] [main/INFO] [cpw.mods.modlauncher.Launcher/MODLAUNCHER]: ModLauncher 11.0.4+main.d2e20e43 starting: java version 21.0.9 by Eclipse Adoptium; OS Windows 11 arch amd64 version 10.0
[09Feb2026 18:22:55.743] [main/INFO] [net.neoforged.fml.loading.ImmediateWindowHandler/]: Loading ImmediateWindowProvider fmlearlywindow
[09Feb2026 18:22:55.852] [main/INFO] [EARLYDISPLAY/]: Trying GL version 4.6
[09Feb2026 18:22:56.021] [main/INFO] [EARLYDISPLAY/]: Requested GL version 4.6 got version 4.6
[09Feb2026 18:22:56.148] [main/INFO] [mixin/]: SpongePowered MIXIN Subsystem Version=0.8.7 Source=union:/C:/Users/Trevd/.gradle/caches/modules-2/files-2.1/net.fabricmc/sponge-mixin/0.15.2+mixin.0.8.7/2af2f021d8e02a0220dc27a7a72b4666d66d44ca/sponge-mixin-0.15.2+mixin.0.8.7.jar%23135!/ Service=ModLauncher Env=CLIENT
[09Feb2026 18:22:56.369] [pool-2-thread-1/INFO] [EARLYDISPLAY/]: GL info: AMD Radeon RX 6400 GL version 4.6.0 Core Profile Context 24.20.19.07.250826, ATI Technologies Inc.
[09Feb2026 18:22:56.406] [main/INFO] [net.neoforged.fml.loading.moddiscovery.ModDiscoverer/SCAN]: Found mod file "neoforge-21.1.80.jar" [locator: neoforge devenv provider ([C:\Users\Trevd\mc mods\orbitalsradishmod\orbitalsradishmod\.gradle\repositories\ng_dummy_ng\net\neoforged\neoforge\21.1.80\neoforge-21.1.80.jar])]
[09Feb2026 18:22:56.435] [main/INFO] [net.neoforged.fml.loading.moddiscovery.ModDiscoverer/SCAN]: Found mod file "neoforge-21.1.80.jar" [locator: neoforge devenv provider ([C:\Users\Trevd\mc mods\orbitalsradishmod\orbitalsradishmod\.gradle\repositories\ng_dummy_ng\net\neoforged\neoforge\21.1.80\neoforge-21.1.80.jar])]
[09Feb2026 18:22:56.453] [main/INFO] [net.neoforged.fml.loading.moddiscovery.ModDiscoverer/SCAN]: Found mod file "main" [locator: userdev mods and services, reader: mod manifest]
[09Feb2026 18:22:56.468] [main/INFO] [net.neoforged.fml.loading.moddiscovery.ModDiscoverer/SCAN]: Found mod file "neoforge-21.1.80.jar" [locator: userdev mods and services, reader: mod manifest]
[09Feb2026 18:22:56.501] [main/INFO] [net.neoforged.fml.loading.moddiscovery.ModDiscoverer/SCAN]: Found gamelibrary file "mixinextras-neoforge-0.4.1.jar" [locator: userdev mods and services, reader: mod manifest]
[09Feb2026 18:22:56.717] [main/WARN] [net.neoforged.jarjar.selection.JarSelector/]: Attempted to select a dependency jar for JarJar which was passed in as source: library:mixinextras.neoforge. Using Mod File: C:\Users\Trevd\.gradle\caches\modules-2\files-2.1\io.github.llamalad7\mixinextras-neoforge\0.4.1\eff97772ecd0dcf8e52cdbafd3b3ccec425f8314\mixinextras-neoforge-0.4.1.jar
[09Feb2026 18:22:56.717] [main/INFO] [net.neoforged.fml.loading.moddiscovery.locators.JarInJarDependencyLocator/]: Found 1 dependencies adding them to mods collection
[09Feb2026 18:22:56.717] [main/INFO] [net.neoforged.fml.loading.moddiscovery.ModDiscoverer/SCAN]: Found library file "neoforge-coremods-21.1.80.jar" [parent: neoforge-21.1.80.jar, locator: jarinjar, reader: mod manifest]
[09Feb2026 18:22:56.719] [main/INFO] [net.neoforged.fml.loading.moddiscovery.ModDiscoverer/]: 
     Mod List:
		Name Version (Mod Id)

		Minecraft 1.21.1 (minecraft)
		NeoForge 21.1.80 (neoforge)
		Orbital's Radish Mod 1.0.0 (orbitalradish)
[09Feb2026 18:22:57.412] [main/INFO] [cpw.mods.modlauncher.LaunchServiceHandler/MODLAUNCHER]: Launching target 'forgeclientuserdev' with arguments [--version, 21.1.80, --gameDir, ., --assetsDir, C:\Users\Trevd\.gradle\caches\minecraft\assets, --assetIndex, asset-index]
[09Feb2026 18:22:59.132] [Datafixer Bootstrap/INFO] [com.mojang.datafixers.DataFixerBuilder/]: 229 Datafixer optimizations took 320 milliseconds
[09Feb2026 18:22:59.282] [pool-7-thread-1/INFO] [MixinExtras|Service/]: Initializing MixinExtras via com.llamalad7.mixinextras.service.MixinExtrasServiceImpl(version=0.4.1).
[09Feb2026 18:23:03.595] [main/WARN] [net.minecraft.commands.Commands/]: Ambiguity between arguments [teleport, location] and [teleport, destination] with inputs: [0.1 -0.5 .9, 0 0 0]
[09Feb2026 18:23:03.596] [main/WARN] [net.minecraft.commands.Commands/]: Ambiguity between arguments [teleport, location] and [teleport, targets] with inputs: [0.1 -0.5 .9, 0 0 0]
[09Feb2026 18:23:03.599] [main/WARN] [net.minecraft.commands.Commands/]: Ambiguity between arguments [teleport, destination] and [teleport, targets] with inputs: [Player, 0123, @e, dd12be42-52a9-4a91-a8a1-11c01849e498]
[09Feb2026 18:23:03.600] [main/WARN] [net.minecraft.commands.Commands/]: Ambiguity between arguments [teleport, targets] and [teleport, destination] with inputs: [Player, 0123, dd12be42-52a9-4a91-a8a1-11c01849e498]
[09Feb2026 18:23:03.601] [main/WARN] [net.minecraft.commands.Commands/]: Ambiguity between arguments [teleport, targets, location] and [teleport, targets, destination] with inputs: [0.1 -0.5 .9, 0 0 0]
[09Feb2026 18:23:03.712] [Render thread/WARN] [net.minecraft.server.packs.VanillaPackResourcesBuilder/]: Assets URL 'union:/C:/Users/Trevd/mc%20mods/orbitalsradishmod/orbitalsradishmod/.gradle/repositories/ng_dummy_ng/net/neoforged/neoforge/21.1.80/neoforge-21.1.80.jar%23189!/assets/.mcassetsroot' uses unexpected schema
[09Feb2026 18:23:03.713] [Render thread/WARN] [net.minecraft.server.packs.VanillaPackResourcesBuilder/]: Assets URL 'union:/C:/Users/Trevd/mc%20mods/orbitalsradishmod/orbitalsradishmod/.gradle/repositories/ng_dummy_ng/net/neoforged/neoforge/21.1.80/neoforge-21.1.80.jar%23189!/data/.mcassetsroot' uses unexpected schema
[09Feb2026 18:23:03.736] [Render thread/INFO] [com.mojang.authlib.yggdrasil.YggdrasilAuthenticationService/]: Environment: Environment[sessionHost=https://sessionserver.mojang.com, servicesHost=https://api.minecraftservices.com, name=PROD]
[09Feb2026 18:23:03.748] [Render thread/INFO] [net.minecraft.client.Minecraft/]: Setting user: Dev
[09Feb2026 18:23:03.838] [Render thread/INFO] [net.minecraft.client.Minecraft/]: Backend library: LWJGL version 3.3.3+5
[09Feb2026 18:23:04.055] [modloading-worker-0/INFO] [com.orbital.orbitalradish.OrbitalRadishMod/]: [DEBUG] Mod constructor started
[09Feb2026 18:23:04.065] [modloading-worker-0/INFO] [com.orbital.orbitalradish.OrbitalRadishMod/]: [DEBUG] Added commonSetup listener
[09Feb2026 18:23:04.066] [modloading-worker-0/INFO] [com.orbital.orbitalradish.OrbitalRadishMod/]: [DEBUG] Registered BLOCKS
[09Feb2026 18:23:04.067] [modloading-worker-0/INFO] [net.neoforged.neoforge.common.NeoForgeMod/NEOFORGE-MOD]: NeoForge mod loading, version 21.1.80, for MC 1.21.1
[09Feb2026 18:23:04.071] [modloading-worker-0/INFO] [com.orbital.orbitalradish.OrbitalRadishMod/]: [DEBUG] Registered ITEMS
[09Feb2026 18:23:04.073] [modloading-worker-0/INFO] [com.orbital.orbitalradish.OrbitalRadishMod/]: [DEBUG] Registered ENTITIES
[09Feb2026 18:23:04.073] [modloading-worker-0/INFO] [com.orbital.orbitalradish.OrbitalRadishMod/]: [DEBUG] Registered CREATIVE_MODE_TABS
[09Feb2026 18:23:04.079] [modloading-worker-0/INFO] [com.orbital.orbitalradish.OrbitalRadishMod/]: [DEBUG] Registered mod to NeoForge event bus
[09Feb2026 18:23:04.080] [modloading-worker-0/INFO] [com.orbital.orbitalradish.OrbitalRadishMod/]: [DEBUG] Added addCreative listener
[09Feb2026 18:23:04.080] [modloading-worker-0/INFO] [com.orbital.orbitalradish.OrbitalRadishMod/]: [DEBUG] Registered config
[09Feb2026 18:23:04.080] [modloading-worker-0/INFO] [com.orbital.orbitalradish.OrbitalRadishMod/]: [DEBUG] Mod constructor finished
[09Feb2026 18:23:04.815] [Render thread/INFO] [net.neoforged.neoforge.gametest.GameTestHooks/]: Enabled Gametest Namespaces: []
[09Feb2026 18:23:05.016] [Render thread/INFO] [net.minecraft.server.packs.resources.ReloadableResourceManager/]: Reloading ResourceManager: vanilla, mod_resources, mod/orbitalradish, mod/neoforge
[09Feb2026 18:23:05.027] [Worker-Main-1/INFO] [com.orbital.orbitalradish.OrbitalRadishMod/]: [DEBUG] commonSetup started
[09Feb2026 18:23:05.027] [Worker-Main-1/INFO] [com.orbital.orbitalradish.OrbitalRadishMod/]: [DEBUG] commonSetup finished
[09Feb2026 18:23:05.125] [Worker-Main-5/INFO] [net.minecraft.client.gui.font.providers.UnihexProvider/]: Found unifont_all_no_pua-15.1.05.hex, loading
[09Feb2026 18:23:05.226] [Worker-Main-8/INFO] [com.orbital.orbitalradish.client.ClientModEvents/]: [DEBUG] onClientSetup called
[09Feb2026 18:23:05.227] [Worker-Main-8/INFO] [com.orbital.orbitalradish.OrbitalRadishMod/]: [DEBUG] onClientSetup called, player name >> Dev
[09Feb2026 18:23:05.227] [Worker-Main-1/INFO] [net.minecraft.client.gui.font.providers.UnihexProvider/]: Found unifont_jp_patch-15.1.05.hex, loading
[09Feb2026 18:23:05.349] [Worker-Main-3/WARN] [net.minecraft.client.renderer.texture.SpriteLoader/]: Texture orbitalradish:item/better_bowl with size 12x8 limits mip level from 4 to 2
[09Feb2026 18:23:05.350] [Worker-Main-3/WARN] [net.minecraft.client.renderer.texture.SpriteLoader/]: Texture orbitalradish:item/radish_arrow with size 2x16 limits mip level from 2 to 1
[09Feb2026 18:23:06.321] [Render thread/WARN] [net.minecraft.client.sounds.SoundEngine/]: Missing sound for event: minecraft:item.goat_horn.play
[09Feb2026 18:23:06.322] [Render thread/WARN] [net.minecraft.client.sounds.SoundEngine/]: Missing sound for event: minecraft:entity.goat.screaming.horn_break
[09Feb2026 18:23:06.367] [Render thread/INFO] [com.mojang.blaze3d.audio.Library/]: OpenAL initialized on device OpenAL Soft on 1 - Sceptre M24 (AMD High Definition Audio Device)
[09Feb2026 18:23:06.368] [Render thread/INFO] [net.minecraft.client.sounds.SoundEngine/SOUNDS]: Sound engine started
[09Feb2026 18:23:06.507] [Render thread/INFO] [net.minecraft.client.renderer.texture.TextureAtlas/]: Created: 1024x512x4 minecraft:textures/atlas/blocks.png-atlas
[09Feb2026 18:23:06.521] [Render thread/INFO] [net.minecraft.client.renderer.texture.TextureAtlas/]: Created: 256x256x4 minecraft:textures/atlas/signs.png-atlas
[09Feb2026 18:23:06.521] [Render thread/INFO] [net.minecraft.client.renderer.texture.TextureAtlas/]: Created: 512x512x4 minecraft:textures/atlas/banner_patterns.png-atlas
[09Feb2026 18:23:06.521] [Render thread/INFO] [net.minecraft.client.renderer.texture.TextureAtlas/]: Created: 512x512x4 minecraft:textures/atlas/shield_patterns.png-atlas
[09Feb2026 18:23:06.523] [Render thread/INFO] [net.minecraft.client.renderer.texture.TextureAtlas/]: Created: 1024x1024x4 minecraft:textures/atlas/armor_trims.png-atlas
[09Feb2026 18:23:06.533] [Render thread/INFO] [net.minecraft.client.renderer.texture.TextureAtlas/]: Created: 256x256x4 minecraft:textures/atlas/chest.png-atlas
[09Feb2026 18:23:06.533] [Render thread/INFO] [net.minecraft.client.renderer.texture.TextureAtlas/]: Created: 128x64x4 minecraft:textures/atlas/decorated_pot.png-atlas
[09Feb2026 18:23:06.533] [Render thread/INFO] [net.minecraft.client.renderer.texture.TextureAtlas/]: Created: 512x256x4 minecraft:textures/atlas/beds.png-atlas
[09Feb2026 18:23:06.533] [Render thread/INFO] [net.minecraft.client.renderer.texture.TextureAtlas/]: Created: 512x256x4 minecraft:textures/atlas/shulker_boxes.png-atlas
[09Feb2026 18:23:06.627] [Render thread/INFO] [net.minecraft.client.renderer.texture.TextureAtlas/]: Created: 512x256x0 minecraft:textures/atlas/particles.png-atlas
[09Feb2026 18:23:06.628] [Render thread/INFO] [net.minecraft.client.renderer.texture.TextureAtlas/]: Created: 512x256x0 minecraft:textures/atlas/paintings.png-atlas
[09Feb2026 18:23:06.629] [Render thread/INFO] [net.minecraft.client.renderer.texture.TextureAtlas/]: Created: 256x128x0 minecraft:textures/atlas/mob_effects.png-atlas
[09Feb2026 18:23:06.629] [Render thread/INFO] [net.minecraft.client.renderer.texture.TextureAtlas/]: Created: 64x64x0 minecraft:textures/atlas/map_decorations.png-atlas
[09Feb2026 18:23:06.629] [Render thread/INFO] [net.minecraft.client.renderer.texture.TextureAtlas/]: Created: 1024x512x0 minecraft:textures/atlas/gui.png-atlas
[09Feb2026 18:23:06.667] [Render thread/WARN] [net.minecraft.client.renderer.ShaderInstance/]: Shader rendertype_entity_translucent_emissive could not find sampler named Sampler2 in the specified shader program.
[09Feb2026 18:23:06.858] [Render thread/INFO] [net.neoforged.neoforge.client.entity.animation.json.AnimationLoader/]: Loaded 0 entity animations
[09Feb2026 18:23:14.341] [Worker-Main-11/ERROR] [net.minecraft.tags.TagLoader/]: Couldn't load tag minecraft:is_enchanting_table as it is missing following references: 
	orbitalradish:radish_stick (from mod/orbitalradish)
[09Feb2026 18:23:14.457] [Render thread/INFO] [net.minecraft.world.item.crafting.RecipeManager/]: Loaded 1313 recipes
[09Feb2026 18:23:14.638] [Render thread/INFO] [net.minecraft.advancements.AdvancementTree/]: Loaded 1400 advancements
[09Feb2026 18:23:18.911] [Server thread/INFO] [net.minecraft.client.server.IntegratedServer/]: Starting integrated minecraft server version 1.21.1
[09Feb2026 18:23:18.913] [Server thread/INFO] [net.minecraft.server.MinecraftServer/]: Generating keypair
[09Feb2026 18:23:21.810] [Server thread/INFO] [net.minecraft.server.MinecraftServer/]: Preparing start region for dimension minecraft:overworld
[09Feb2026 18:23:21.853] [progressListener/INFO] [net.minecraft.server.level.progress.LoggerChunkProgressListener/]: Preparing spawn area: 2%
[09Feb2026 18:23:22.350] [progressListener/INFO] [net.minecraft.server.level.progress.LoggerChunkProgressListener/]: Preparing spawn area: 2%
[09Feb2026 18:23:22.853] [progressListener/INFO] [net.minecraft.server.level.progress.LoggerChunkProgressListener/]: Preparing spawn area: 18%
[09Feb2026 18:23:23.334] [progressListener/INFO] [net.minecraft.server.level.progress.LoggerChunkProgressListener/]: Preparing spawn area: 51%
[09Feb2026 18:23:23.838] [progressListener/INFO] [net.minecraft.server.level.progress.LoggerChunkProgressListener/]: Preparing spawn area: 53%
[09Feb2026 18:23:23.988] [Server thread/INFO] [net.neoforged.neoforge.server.permission.PermissionAPI/]: Successfully initialized permission handler neoforge:default_handler
[09Feb2026 18:23:23.989] [Server thread/INFO] [com.orbital.orbitalradish.OrbitalRadishMod/]: [DEBUG] onServerStarting called
[09Feb2026 18:23:24.007] [progressListener/INFO] [net.minecraft.server.level.progress.LoggerChunkProgressListener/]: Time elapsed: 2179 ms
[09Feb2026 18:23:24.044] [Server thread/INFO] [net.minecraft.client.server.IntegratedServer/]: Changing view distance to 12, from 10
[09Feb2026 18:23:24.044] [Server thread/INFO] [net.minecraft.client.server.IntegratedServer/]: Changing simulation distance to 12, from 0
[09Feb2026 18:23:24.725] [Server thread/INFO] [net.minecraft.server.players.PlayerList/]: Dev[local:E:a82d9952] logged in with entity id 11 at (-34.5, 74.0, 74.5)
[09Feb2026 18:23:24.791] [Server thread/INFO] [net.minecraft.server.MinecraftServer/]: Dev joined the game
[09Feb2026 18:23:24.950] [Render thread/INFO] [net.minecraft.advancements.AdvancementTree/]: Loaded 2 advancements
[09Feb2026 18:23:25.491] [Server thread/INFO] [net.minecraft.client.server.IntegratedServer/]: Saving and pausing game...
[09Feb2026 18:23:25.516] [Server thread/INFO] [net.minecraft.server.MinecraftServer/]: Saving chunks for level 'ServerLevel[YESS]'/minecraft:overworld
[09Feb2026 18:23:25.540] [Server thread/INFO] [net.minecraft.server.MinecraftServer/]: Saving chunks for level 'ServerLevel[YESS]'/minecraft:the_nether
[09Feb2026 18:23:25.546] [Server thread/INFO] [net.minecraft.server.MinecraftServer/]: Saving chunks for level 'ServerLevel[YESS]'/minecraft:the_end
[09Feb2026 18:23:38.313] [Render thread/INFO] [com.orbital.orbitalradish.OrbitalRadishMod/]: [DEBUG] addCreative called for tab: minecraft:building_blocks
[09Feb2026 18:23:38.313] [Render thread/INFO] [com.orbital.orbitalradish.OrbitalRadishMod/]: [DEBUG] Adding building blocks
[09Feb2026 18:23:38.314] [Render thread/INFO] [com.orbital.orbitalradish.OrbitalRadishMod/]: [DEBUG] addCreative finished for tab: minecraft:building_blocks
[09Feb2026 18:23:38.323] [Render thread/INFO] [com.orbital.orbitalradish.OrbitalRadishMod/]: [DEBUG] addCreative called for tab: minecraft:colored_blocks
[09Feb2026 18:23:38.323] [Render thread/INFO] [com.orbital.orbitalradish.OrbitalRadishMod/]: [DEBUG] addCreative finished for tab: minecraft:colored_blocks
[09Feb2026 18:23:38.328] [Render thread/INFO] [com.orbital.orbitalradish.OrbitalRadishMod/]: [DEBUG] addCreative called for tab: minecraft:natural_blocks
[09Feb2026 18:23:38.328] [Render thread/INFO] [com.orbital.orbitalradish.OrbitalRadishMod/]: [DEBUG] addCreative finished for tab: minecraft:natural_blocks
[09Feb2026 18:23:38.345] [Render thread/INFO] [com.orbital.orbitalradish.OrbitalRadishMod/]: [DEBUG] addCreative called for tab: minecraft:functional_blocks
[09Feb2026 18:23:38.345] [Render thread/INFO] [com.orbital.orbitalradish.OrbitalRadishMod/]: [DEBUG] addCreative finished for tab: minecraft:functional_blocks
[09Feb2026 18:23:38.347] [Render thread/INFO] [com.orbital.orbitalradish.OrbitalRadishMod/]: [DEBUG] addCreative called for tab: minecraft:redstone_blocks
[09Feb2026 18:23:38.347] [Render thread/INFO] [com.orbital.orbitalradish.OrbitalRadishMod/]: [DEBUG] addCreative finished for tab: minecraft:redstone_blocks
[09Feb2026 18:23:38.352] [Render thread/INFO] [com.orbital.orbitalradish.OrbitalRadishMod/]: [DEBUG] addCreative called for tab: minecraft:tools_and_utilities
[09Feb2026 18:23:38.352] [Render thread/INFO] [com.orbital.orbitalradish.OrbitalRadishMod/]: [DEBUG] addCreative finished for tab: minecraft:tools_and_utilities
[09Feb2026 18:23:38.354] [Render thread/INFO] [com.orbital.orbitalradish.OrbitalRadishMod/]: [DEBUG] addCreative called for tab: minecraft:combat
[09Feb2026 18:23:38.354] [Render thread/INFO] [com.orbital.orbitalradish.OrbitalRadishMod/]: [DEBUG] Adding combat items
[09Feb2026 18:23:38.354] [Render thread/INFO] [com.orbital.orbitalradish.OrbitalRadishMod/]: [DEBUG] addCreative finished for tab: minecraft:combat
[09Feb2026 18:23:38.359] [Render thread/INFO] [com.orbital.orbitalradish.OrbitalRadishMod/]: [DEBUG] addCreative called for tab: minecraft:food_and_drinks
[09Feb2026 18:23:38.359] [Render thread/INFO] [com.orbital.orbitalradish.OrbitalRadishMod/]: [DEBUG] Adding food items
[09Feb2026 18:23:38.360] [Render thread/INFO] [com.orbital.orbitalradish.OrbitalRadishMod/]: [DEBUG] addCreative finished for tab: minecraft:food_and_drinks
[09Feb2026 18:23:38.368] [Render thread/INFO] [com.orbital.orbitalradish.OrbitalRadishMod/]: [DEBUG] addCreative called for tab: minecraft:ingredients
[09Feb2026 18:23:38.369] [Render thread/INFO] [com.orbital.orbitalradish.OrbitalRadishMod/]: [DEBUG] addCreative finished for tab: minecraft:ingredients
[09Feb2026 18:23:38.371] [Render thread/INFO] [com.orbital.orbitalradish.OrbitalRadishMod/]: [DEBUG] addCreative called for tab: minecraft:spawn_eggs
[09Feb2026 18:23:38.372] [Render thread/INFO] [com.orbital.orbitalradish.OrbitalRadishMod/]: [DEBUG] addCreative finished for tab: minecraft:spawn_eggs
[09Feb2026 18:23:38.372] [Render thread/INFO] [com.orbital.orbitalradish.OrbitalRadishMod/]: [DEBUG] addCreative called for tab: minecraft:op_blocks
[09Feb2026 18:23:38.372] [Render thread/INFO] [com.orbital.orbitalradish.OrbitalRadishMod/]: [DEBUG] addCreative finished for tab: minecraft:op_blocks
[09Feb2026 18:23:38.372] [Render thread/INFO] [com.orbital.orbitalradish.OrbitalRadishMod/]: [DEBUG] addCreative called for tab: minecraft:hotbar
[09Feb2026 18:23:38.372] [Render thread/INFO] [com.orbital.orbitalradish.OrbitalRadishMod/]: [DEBUG] addCreative finished for tab: minecraft:hotbar
[09Feb2026 18:23:38.376] [Render thread/INFO] [com.orbital.orbitalradish.OrbitalRadishMod/]: [DEBUG] addCreative called for tab: minecraft:search
[09Feb2026 18:23:38.376] [Render thread/INFO] [com.orbital.orbitalradish.OrbitalRadishMod/]: [DEBUG] addCreative finished for tab: minecraft:search
[09Feb2026 18:23:38.379] [Render thread/INFO] [com.orbital.orbitalradish.OrbitalRadishMod/]: [DEBUG] addCreative called for tab: minecraft:inventory
[09Feb2026 18:23:38.379] [Render thread/INFO] [com.orbital.orbitalradish.OrbitalRadishMod/]: [DEBUG] addCreative finished for tab: minecraft:inventory
[09Feb2026 18:23:44.318] [Server thread/INFO] [net.minecraft.server.MinecraftServer/]: [Dev: Set own game mode to Survival Mode]
[09Feb2026 18:23:44.327] [Render thread/INFO] [net.minecraft.client.gui.components.ChatComponent/]: [System] [CHAT] Set own game mode to Survival Mode
[09Feb2026 18:23:49.191] [Server thread/INFO] [net.minecraft.client.server.IntegratedServer/]: Saving and pausing game...
[09Feb2026 18:23:49.199] [Server thread/INFO] [net.minecraft.server.MinecraftServer/]: Saving chunks for level 'ServerLevel[YESS]'/minecraft:overworld
[09Feb2026 18:23:49.215] [Server thread/INFO] [net.minecraft.server.MinecraftServer/]: Saving chunks for level 'ServerLevel[YESS]'/minecraft:the_nether
[09Feb2026 18:23:49.222] [Server thread/INFO] [net.minecraft.server.MinecraftServer/]: Saving chunks for level 'ServerLevel[YESS]'/minecraft:the_end
[09Feb2026 18:24:03.703] [Server thread/INFO] [net.minecraft.server.MinecraftServer/]: Dev has made the advancement [A Seedy Place]
[09Feb2026 18:24:03.710] [Render thread/INFO] [net.minecraft.client.gui.components.ChatComponent/]: [System] [CHAT] Dev has made the advancement [A Seedy Place]
[09Feb2026 18:24:03.817] [Render thread/INFO] [net.minecraft.advancements.AdvancementTree/]: Loaded 7 advancements
[09Feb2026 18:24:23.899] [Server thread/INFO] [net.minecraft.server.MinecraftServer/]: [Dev: Gave 1 [Diamond Shovel] to Dev]
[09Feb2026 18:24:23.912] [Render thread/INFO] [net.minecraft.client.gui.components.ChatComponent/]: [System] [CHAT] Gave 1 [Diamond Shovel] to Dev
[09Feb2026 18:24:28.786] [Server thread/INFO] [net.minecraft.server.MinecraftServer/]: [Dev: Set own game mode to Creative Mode]
[09Feb2026 18:24:28.799] [Render thread/INFO] [net.minecraft.client.gui.components.ChatComponent/]: [System] [CHAT] Set own game mode to Creative Mode
[09Feb2026 18:24:35.697] [Server thread/INFO] [net.minecraft.server.MinecraftServer/]: Dev has completed the challenge [Serious Dedication]
[09Feb2026 18:24:35.706] [Render thread/INFO] [net.minecraft.client.gui.components.ChatComponent/]: [System] [CHAT] Dev has completed the challenge [Serious Dedication]
[09Feb2026 18:24:35.758] [Render thread/INFO] [net.minecraft.advancements.AdvancementTree/]: Loaded 7 advancements
[09Feb2026 18:24:40.411] [Render thread/INFO] [net.minecraft.advancements.AdvancementTree/]: Loaded 9 advancements
[09Feb2026 18:24:40.781] [Server thread/INFO] [net.minecraft.server.MinecraftServer/]: [Dev: Set own game mode to Survival Mode]
[09Feb2026 18:24:40.795] [Render thread/INFO] [net.minecraft.client.gui.components.ChatComponent/]: [System] [CHAT] Set own game mode to Survival Mode
[09Feb2026 18:24:49.257] [Server thread/INFO] [net.minecraft.server.MinecraftServer/]: [Dev: Set own game mode to Creative Mode]
[09Feb2026 18:24:49.270] [Render thread/INFO] [net.minecraft.client.gui.components.ChatComponent/]: [System] [CHAT] Set own game mode to Creative Mode
[09Feb2026 18:24:59.632] [Render thread/INFO] [net.minecraft.client.gui.components.ChatComponent/]: [System] [CHAT] Can't find element 'minecraft:fla' of type 'minecraft:enchantment'
[09Feb2026 18:24:59.633] [Render thread/INFO] [net.minecraft.client.gui.components.ChatComponent/]: [System] [CHAT] ...ant @s fla<--[HERE]
[09Feb2026 18:25:01.250] [Server thread/INFO] [net.minecraft.server.MinecraftServer/]: [Dev: Applied enchantment Flame to Dev's item]
[09Feb2026 18:25:01.267] [Render thread/INFO] [net.minecraft.client.gui.components.ChatComponent/]: [System] [CHAT] Applied enchantment Flame to Dev's item
[09Feb2026 18:25:08.292] [Server thread/INFO] [net.minecraft.client.server.IntegratedServer/]: Saving and pausing game...
[09Feb2026 18:25:08.301] [Server thread/INFO] [net.minecraft.server.MinecraftServer/]: Saving chunks for level 'ServerLevel[YESS]'/minecraft:overworld
[09Feb2026 18:25:08.317] [Server thread/INFO] [net.minecraft.server.MinecraftServer/]: Saving chunks for level 'ServerLevel[YESS]'/minecraft:the_nether
[09Feb2026 18:25:08.323] [Server thread/INFO] [net.minecraft.server.MinecraftServer/]: Saving chunks for level 'ServerLevel[YESS]'/minecraft:the_end
[09Feb2026 18:25:08.796] [Server thread/INFO] [net.minecraft.server.network.ServerGamePacketListenerImpl/]: Dev lost connection: Disconnected
[09Feb2026 18:25:08.796] [Server thread/INFO] [net.minecraft.server.MinecraftServer/]: Dev left the game
[09Feb2026 18:25:08.803] [Server thread/INFO] [net.minecraft.server.network.ServerCommonPacketListenerImpl/]: Stopping singleplayer server as player logged out
[09Feb2026 18:25:08.846] [Server thread/INFO] [net.minecraft.server.MinecraftServer/]: Stopping server
[09Feb2026 18:25:08.846] [Server thread/INFO] [net.minecraft.server.MinecraftServer/]: Saving players
[09Feb2026 18:25:08.846] [Server thread/INFO] [net.minecraft.server.MinecraftServer/]: Saving worlds
[09Feb2026 18:25:10.130] [Server thread/INFO] [net.minecraft.server.MinecraftServer/]: Saving chunks for level 'ServerLevel[YESS]'/minecraft:overworld
[09Feb2026 18:25:10.182] [Server thread/INFO] [net.minecraft.server.MinecraftServer/]: Saving chunks for level 'ServerLevel[YESS]'/minecraft:the_nether
[09Feb2026 18:25:10.185] [Server thread/INFO] [net.minecraft.server.MinecraftServer/]: Saving chunks for level 'ServerLevel[YESS]'/minecraft:the_end
[09Feb2026 18:25:10.192] [Server thread/INFO] [net.minecraft.server.MinecraftServer/]: ThreadedAnvilChunkStorage (YESS): All chunks are saved
[09Feb2026 18:25:10.192] [Server thread/INFO] [net.minecraft.server.MinecraftServer/]: ThreadedAnvilChunkStorage (DIM-1): All chunks are saved
[09Feb2026 18:25:10.192] [Server thread/INFO] [net.minecraft.server.MinecraftServer/]: ThreadedAnvilChunkStorage (DIM1): All chunks are saved
[09Feb2026 18:25:10.193] [Server thread/INFO] [net.minecraft.server.MinecraftServer/]: ThreadedAnvilChunkStorage: All dimensions are saved
[09Feb2026 18:25:10.673] [Render thread/INFO] [net.minecraft.client.Minecraft/]: Stopping!
